// Jest Snapshot v1, https://goo.gl/fbAQLP

exports[`Header should match the snapshot 1`] = `
<header
  className="header"
>
  <img
    alt="Magic The Gathering"
    className="magic-logo"
    src="./magic_logo.png"
  />
  <ul
    className="header--ul"
  >
    <li>
      My Cards
    </li>
    <li>
      My Favorites
    </li>
    <li>
      My Wish List
    </li>
  </ul>
</header>
`;
