// Jest Snapshot v1, https://goo.gl/fbAQLP

exports[`Header should match the snapshot 1`] = `
<header
  className="header"
>
  <img
    alt="Magic The Gathering"
    className="magic-logo"
    src="./magic_logo.png"
  />
  <ul
    className="header--ul"
  >
    <li
      className="my-cards"
      onClick={[Function]}
    >
      My Cards
    </li>
    <li
      className="fave-decks"
      onClick={[Function]}
    >
      My Favorites
    </li>
    <li
      className="my-wish-list"
      onClick={[Function]}
    >
      My Wish List
    </li>
  </ul>
</header>
`;
