// Jest Snapshot v1, https://goo.gl/fbAQLP

exports[`CardArea should match the snapshot 1`] = `
<div
  className="card-area"
>
  <Header
    setAsideView={[MockFunction]}
  />
  <section
    className="card-area--section"
  >
    <Card
      card={
        Object {
          "cardName": "Blood Moon",
        }
      }
      cardAreaView="myCardList"
      displayPopUp={[Function]}
      key="Blood Moon"
    />
    <Card
      card={
        Object {
          "cardName": "Breeding Pool",
        }
      }
      cardAreaView="myCardList"
      displayPopUp={[Function]}
      key="Breeding Pool"
    />
    <Card
      card={
        Object {
          "cardName": "Arid Mesa",
        }
      }
      cardAreaView="myCardList"
      displayPopUp={[Function]}
      key="Arid Mesa"
    />
  </section>
</div>
`;
