// Jest Snapshot v1, https://goo.gl/fbAQLP

exports[`FaveList should match the snapshot 1`] = `
<div>
  <ul>
    <FaveListItem
      deckIndex={0}
      deckName="Bant Spirits"
      key="Bant Spirits"
      removeFaveListItem={[MockFunction]}
    />
    <FaveListItem
      deckIndex={1}
      deckName="Izzet Phoenix"
      key="Izzet Phoenix"
      removeFaveListItem={[MockFunction]}
    />
    <FaveListItem
      deckIndex={2}
      deckName="Death's Shadow"
      key="Death's Shadow"
      removeFaveListItem={[MockFunction]}
    />
  </ul>
</div>
`;
