// Jest Snapshot v1, https://goo.gl/fbAQLP

exports[`FaveList should match the snapshot 1`] = `
<div>
  <h1
    className="list--h1"
  >
    Saved Decks:
  </h1>
  <ul
    className="list--ul"
  >
    <FaveListItem
      deckIndex={0}
      deckName="Bant Spirits"
      faveDecks={
        Array [
          Object {
            "deckName": "Bant Spirits",
          },
          Object {
            "deckName": "Izzet Phoenix",
          },
        ]
      }
      key="Bant Spirits"
      saveArray={[MockFunction]}
    />
    <FaveListItem
      deckIndex={1}
      deckName="Izzet Phoenix"
      faveDecks={
        Array [
          Object {
            "deckName": "Bant Spirits",
          },
          Object {
            "deckName": "Izzet Phoenix",
          },
        ]
      }
      key="Izzet Phoenix"
      saveArray={[MockFunction]}
    />
  </ul>
</div>
`;
