// Jest Snapshot v1, https://goo.gl/fbAQLP

exports[`Deck should match the snapshot 1`] = `
<article
  className="deck--container"
>
  <h2
    className="deck--name"
  >
    Jund
  </h2>
  <img
    alt="Jund"
    className="deck--image"
    src="https://musingsofalifelongnerd.files.wordpress.com/2015/01/mtg-card-back.jpg"
  />
  <div
    className="price--container"
  >
    <h3
      className="price--value"
    >
      $
      2000
    </h3>
  </div>
</article>
`;
