// Jest Snapshot v1, https://goo.gl/fbAQLP

exports[`CardListItem should match the snapshot 1`] = `
<li
  className="cardlist--item"
  id={0}
>
  Blood Moon
  <i
    className="fas fa-minus"
    onClick={[Function]}
  />
  <span>
    1
  </span>
  <i
    className="fas fa-plus"
    onClick={[Function]}
  />
  <i
    className="far fa-trash-alt"
    onClick={[Function]}
  />
</li>
`;
