// Jest Snapshot v1, https://goo.gl/fbAQLP

exports[`Controls should match the snapshot 1`] = `
<form>
  <input
    className="controls--input"
    onChange={[Function]}
    type="text"
  />
  <button
    className="controls--button"
    onClick={[Function]}
  >
    Click to add card
  </button>
  <p />
</form>
`;
