// Jest Snapshot v1, https://goo.gl/fbAQLP

exports[`AsideBody should match the snapshot 1`] = `
<div>
  <CardList
    cardNames={
      Array [
        "blood moon",
        "breeding pool",
      ]
    }
    removeListItem={[MockFunction]}
    setCardCount={[MockFunction]}
    userCards={
      Array [
        Object {
          "cardCount": 1,
          "cardName": "blood moon",
        },
        Object {
          "cardCount": 1,
          "cardName": "breeding pool",
        },
      ]
    }
  />
</div>
`;
