// Jest Snapshot v1, https://goo.gl/fbAQLP

exports[`CardList should match the snapshot 1`] = `
<div>
  <h1
    className="list--h1"
  >
    My Cards
  </h1>
  <ul
    className="list--ul"
  >
    <CardListItem
      cardCount={2}
      cardIndex={0}
      cardName="Blood Moon"
      key="Blood Moon"
      userCardsData={
        Array [
          Object {
            "cardCount": 2,
            "cardName": "Blood Moon",
          },
        ]
      }
    />
  </ul>
  <button
    className="compare-builds--button"
  >
    Compare Deck Prices
  </button>
</div>
`;
