// Jest Snapshot v1, https://goo.gl/fbAQLP

exports[`WishList should match the snapshot 1`] = `
<div>
  <h1
    className="list--h1"
  >
    Wish List:
  </h1>
  <ul
    className="list--ul"
  >
    <WishListItem
      cardIndex={0}
      cardName="Blood Moon"
      key="Blood Moon"
      wishList={
        Array [
          Object {
            "cardName": "Blood Moon",
          },
          Object {
            "cardName": "Mox Opal",
          },
          Object {
            "cardName": "Breeding Pool",
          },
        ]
      }
    />
    <WishListItem
      cardIndex={1}
      cardName="Mox Opal"
      key="Mox Opal"
      wishList={
        Array [
          Object {
            "cardName": "Blood Moon",
          },
          Object {
            "cardName": "Mox Opal",
          },
          Object {
            "cardName": "Breeding Pool",
          },
        ]
      }
    />
    <WishListItem
      cardIndex={2}
      cardName="Breeding Pool"
      key="Breeding Pool"
      wishList={
        Array [
          Object {
            "cardName": "Blood Moon",
          },
          Object {
            "cardName": "Mox Opal",
          },
          Object {
            "cardName": "Breeding Pool",
          },
        ]
      }
    />
  </ul>
</div>
`;
